**********************
Inicio de la transcripción de Windows PowerShell
Hora de inicio: 20260501203050
Nombre de usuario: DESKTOP-LA1CH5N\xdfah
Usuario RunAs: DESKTOP-LA1CH5N\xdfah
Nombre de la configuración: 
Máquina: DESKTOP-LA1CH5N (Microsoft Windows NT 10.0.26200.0)
Aplicación host: C:\WINDOWS\System32\WindowsPowerShell\v1.0\powershell.exe -NoProfile -ExecutionPolicy Bypass -File D:\0apelotas\descargas2\ACGC-PS3-Port\Generar_PKG_con_ISO.ps1
Id. de proceso: 182512
PSVersion: 5.1.26100.8115
PSEdition: Desktop
PSCompatibleVersions: 1.0, 2.0, 3.0, 4.0, 5.0, 5.1.26100.8115
BuildVersion: 10.0.26100.8115
CLRVersion: 4.0.30319.42000
WSManStackVersion: 3.0
PSRemotingProtocolVersion: 2.3
SerializationVersion: 1.1.0.1
**********************
ACGC PS3 package generator
Root: D:\0apelotas\descargas2\ACGC-PS3-Port
Disc image: D:\0apelotas\descargas2\ACGC-PS3-Port\test\Animal Crossing (USA).iso
Disc size: 1,36 GB
[1/4] Building full PS3 executable...


[2/4] Copying disc image into package staging...
[3/4] Creating and finalizing PKG...

[4/4] Done.
PKG: D:\0apelotas\descargas2\ACGC-PS3-Port\ps3\build-full\ACGCPS3-full.gnpdrm.pkg
PKG size: 1,36 GB
Build log: D:\0apelotas\descargas2\ACGC-PS3-Port\ps3\build-full\generate-pkg-with-iso.log
**********************
Fin de la transcripción de Windows PowerShell
Hora de finalización: 20260501203419
**********************
